
> figma-portfolio@0.1.0 build
> next build

[baseline-browser-mapping] The data in this module is over two months old.  To ensure accurate Baseline data, please update: `npm i baseline-browser-mapping@latest -D`
   ▲ Next.js 16.0.7 (Turbopack)
   - Experiments (use with caution):
     ✓ optimizeCss

   Creating an optimized production build ...
[baseline-browser-mapping] The data in this module is over two months old.  To ensure accurate Baseline data, please update: `npm i baseline-browser-mapping@latest -D`

> Build error occurred
Error: Turbopack build failed with 2 errors:
./app/page.tsx
Module not found: Can't resolve './components/Testimonials'


Import traces:
  Client Component Browser:
    ./app/page.tsx [Client Component Browser]
    ./app/page.tsx [Server Component]

  Client Component SSR:
    ./app/page.tsx [Client Component SSR]
    ./app/page.tsx [Server Component]

https://nextjs.org/docs/messages/module-not-found


./app/page.tsx:20:36
Module not found: Can't resolve './components/Testimonials'
[0m [90m 18 |[39m   loading[33m:[39m () [33m=>[39m [33m<[39m[33mdiv[39m style[33m=[39m{{ minHeight[33m:[39m [32m"400px"[39m }} [33m/[39m[33m>[39m[33m,[39m
 [90m 19 |[39m })[33m;[39m
[31m[1m>[22m[39m[90m 20 |[39m [36mconst[39m [33mTestimonials[39m [33m=[39m dynamic(() [33m=>[39m [36mimport[39m([32m"./components/Testimonials"[39m)[33m,[39m {
 [90m    |[39m                                    [31m[1m^[22m[39m[31m[1m^[22m[39m[31m[1m^[22m[39m[31m[1m^[22m[39m[31m[1m^[22m[39m[31m[1m^[22m[39m[31m[1m^[22m[39m[31m[1m^[22m[39m[31m[1m^[22m[39m[31m[1m^[22m[39m[31m[1m^[22m[39m[31m[1m^[22m[39m[31m[1m^[22m[39m[31m[1m^[22m[39m[31m[1m^[22m[39m[31m[1m^[22m[39m[31m[1m^[22m[39m[31m[1m^[22m[39m[31m[1m^[22m[39m[31m[1m^[22m[39m[31m[1m^[22m[39m[31m[1m^[22m[39m[31m[1m^[22m[39m[31m[1m^[22m[39m[31m[1m^[22m[39m[31m[1m^[22m[39m[31m[1m^[22m[39m[31m[1m^[22m[39m[31m[1m^[22m[39m[31m[1m^[22m[39m[31m[1m^[22m[39m[31m[1m^[22m[39m[31m[1m^[22m[39m[31m[1m^[22m[39m[31m[1m^[22m[39m
 [90m 21 |[39m   loading[33m:[39m () [33m=>[39m [33m<[39m[33mdiv[39m style[33m=[39m{{ minHeight[33m:[39m [32m"400px"[39m }} [33m/[39m[33m>[39m[33m,[39m
 [90m 22 |[39m })[33m;[39m
 [90m 23 |[39m [36mconst[39m [33mFooter[39m [33m=[39m dynamic(() [33m=>[39m [36mimport[39m([32m"./components/Footer"[39m)[33m,[39m {[0m



Import traces:
  Client Component Browser:
    ./app/page.tsx [Client Component Browser]
    ./app/page.tsx [Server Component]

  Client Component SSR:
    ./app/page.tsx [Client Component SSR]
    ./app/page.tsx [Server Component]

https://nextjs.org/docs/messages/module-not-found


    at <unknown> (https://nextjs.org/docs/messages/module-not-found)
    at <unknown> (./app/page.tsx:20:36)
    at <unknown> (https://nextjs.org/docs/messages/module-not-found)
